// Jest Snapshot v1, https://goo.gl/fbAQLP

exports[`Modal should match snapshot 1`] = `
<div
  className="modal is-active"
>
  <div
    className="modal-background"
  />
  <div
    className="modal-card"
  >
    <header
      className="modal-card-head"
    >
      <strong>
        title
      </strong>
      <p>
         - 
        subtitle
      </p>
      <button
        aria-label="close"
        className="delete"
        onClick={[Function]}
        type="button"
      />
    </header>
    <section
      className="modal-card-body"
    >
      <div
        className="mark-down-content"
      >
        <ReactMarkdown
          astPlugins={Array []}
          escapeHtml={true}
          parserOptions={Object {}}
          plugins={Array []}
          rawSourcePos={false}
          renderers={Object {}}
          skipHtml={false}
          source="content"
          sourcePos={false}
          transformLinkUri={[Function]}
        />
      </div>
    </section>
    <footer
      className="modal-card-foot"
    />
  </div>
</div>
`;
