// Jest Snapshot v1, https://goo.gl/fbAQLP

exports[`InitialPage should match snapshot 1`] = `
<div>
  <Connect(Menu) />
  <div
    className="tile is-ancestor"
  >
    <div
      className="tile is-parent is-8"
    >
      <article
        className="tile is-child box"
      >
        <p
          className="title"
        >
          <FontAwesomeIcon
            icon={
              Object {
                "icon": Array [
                  448,
                  512,
                  Array [
                    62026,
                    "sticky-note",
                  ],
                  "f249",
                  "M64 32C28.7 32 0 60.7 0 96L0 416c0 35.3 28.7 64 64 64l224 0 0-112c0-26.5 21.5-48 48-48l112 0 0-224c0-35.3-28.7-64-64-64L64 32zM448 352l-45.3 0L336 352c-8.8 0-16 7.2-16 16l0 66.7 0 45.3 32-32 64-64 32-32z",
                ],
                "iconName": "note-sticky",
                "prefix": "fas",
              }
            }
          />
            Sobre
        </p>
        <p
          className="subtitle"
        >
          Uma proposta de representação da evolução do conhecimento por meio de grafos.
        </p>
        <div
          className="content"
        >
          Este é um trabalho desenvolvido por Matheus Araujo, como Trabalho de Conclusão de Curso da Graduação em Engenharia de Sistemas na Universidade Federal de Minas Gerais. 
          <br />
          Sua proposta consiste em representar modelos de avanço de maturidade utilizando grafos. 
          <br />
          Este site é uma implementação online da ferramenta proposta no trabalho. 
          <br />
          Seu código fonte e maiores informações podem ser encontrados
           
          <a
            href="http://github.com/matheusaraujo/grafos-evolucao-maturidade"
            target="blank"
          >
            aqui
          </a>
          .
        </div>
      </article>
    </div>
    <div
      className="tile is-parent is-4"
    >
      <article
        className="tile is-child box"
      >
        <div
          className="content"
        >
          <p
            className="title"
          >
            <FontAwesomeIcon
              icon={
                Object {
                  "icon": Array [
                    448,
                    512,
                    Array [],
                    "f0c3",
                    "M288 0L160 0 128 0C110.3 0 96 14.3 96 32s14.3 32 32 32l0 132.8c0 11.8-3.3 23.5-9.5 33.5L10.3 406.2C3.6 417.2 0 429.7 0 442.6C0 480.9 31.1 512 69.4 512l309.2 0c38.3 0 69.4-31.1 69.4-69.4c0-12.8-3.6-25.4-10.3-36.4L329.5 230.4c-6.2-10.1-9.5-21.7-9.5-33.5L320 64c17.7 0 32-14.3 32-32s-14.3-32-32-32L288 0zM192 196.8L192 64l64 0 0 132.8c0 23.7 6.6 46.9 19 67.1L309.5 320l-171 0L173 263.9c12.4-20.2 19-43.4 19-67.1z",
                  ],
                  "iconName": "flask",
                  "prefix": "fas",
                }
              }
            />
             Grafo simples
          </p>
          <div
            className="graph-example-container"
          >
            <button
              className="button is-small"
              onClick={[Function]}
              type="button"
            >
              Grafo simples
            </button>
            <p>
              Um pequeno grafo apenas como demonstração da ferramenta.
            </p>
          </div>
        </div>
      </article>
    </div>
  </div>
  <div
    className="tile is-ancestor"
  >
    <div
      className="tile is-parent is-6"
    >
      <article
        className="tile is-child box"
      >
        <p
          className="title"
        >
          <FontAwesomeIcon
            icon={
              Object {
                "icon": Array [
                  640,
                  512,
                  Array [
                    "cogs",
                  ],
                  "f085",
                  "M308.5 135.3c7.1-6.3 9.9-16.2 6.2-25c-2.3-5.3-4.8-10.5-7.6-15.5L304 89.4c-3-5-6.3-9.9-9.8-14.6c-5.7-7.6-15.7-10.1-24.7-7.1l-28.2 9.3c-10.7-8.8-23-16-36.2-20.9L199 27.1c-1.9-9.3-9.1-16.7-18.5-17.8C173.9 8.4 167.2 8 160.4 8l-.7 0c-6.8 0-13.5 .4-20.1 1.2c-9.4 1.1-16.6 8.6-18.5 17.8L115 56.1c-13.3 5-25.5 12.1-36.2 20.9L50.5 67.8c-9-3-19-.5-24.7 7.1c-3.5 4.7-6.8 9.6-9.9 14.6l-3 5.3c-2.8 5-5.3 10.2-7.6 15.6c-3.7 8.7-.9 18.6 6.2 25l22.2 19.8C32.6 161.9 32 168.9 32 176s.6 14.1 1.7 20.9L11.5 216.7c-7.1 6.3-9.9 16.2-6.2 25c2.3 5.3 4.8 10.5 7.6 15.6l3 5.2c3 5.1 6.3 9.9 9.9 14.6c5.7 7.6 15.7 10.1 24.7 7.1l28.2-9.3c10.7 8.8 23 16 36.2 20.9l6.1 29.1c1.9 9.3 9.1 16.7 18.5 17.8c6.7 .8 13.5 1.2 20.4 1.2s13.7-.4 20.4-1.2c9.4-1.1 16.6-8.6 18.5-17.8l6.1-29.1c13.3-5 25.5-12.1 36.2-20.9l28.2 9.3c9 3 19 .5 24.7-7.1c3.5-4.7 6.8-9.5 9.8-14.6l3.1-5.4c2.8-5 5.3-10.2 7.6-15.5c3.7-8.7 .9-18.6-6.2-25l-22.2-19.8c1.1-6.8 1.7-13.8 1.7-20.9s-.6-14.1-1.7-20.9l22.2-19.8zM112 176a48 48 0 1 1 96 0 48 48 0 1 1 -96 0zM504.7 500.5c6.3 7.1 16.2 9.9 25 6.2c5.3-2.3 10.5-4.8 15.5-7.6l5.4-3.1c5-3 9.9-6.3 14.6-9.8c7.6-5.7 10.1-15.7 7.1-24.7l-9.3-28.2c8.8-10.7 16-23 20.9-36.2l29.1-6.1c9.3-1.9 16.7-9.1 17.8-18.5c.8-6.7 1.2-13.5 1.2-20.4s-.4-13.7-1.2-20.4c-1.1-9.4-8.6-16.6-17.8-18.5L583.9 307c-5-13.3-12.1-25.5-20.9-36.2l9.3-28.2c3-9 .5-19-7.1-24.7c-4.7-3.5-9.6-6.8-14.6-9.9l-5.3-3c-5-2.8-10.2-5.3-15.6-7.6c-8.7-3.7-18.6-.9-25 6.2l-19.8 22.2c-6.8-1.1-13.8-1.7-20.9-1.7s-14.1 .6-20.9 1.7l-19.8-22.2c-6.3-7.1-16.2-9.9-25-6.2c-5.3 2.3-10.5 4.8-15.6 7.6l-5.2 3c-5.1 3-9.9 6.3-14.6 9.9c-7.6 5.7-10.1 15.7-7.1 24.7l9.3 28.2c-8.8 10.7-16 23-20.9 36.2L315.1 313c-9.3 1.9-16.7 9.1-17.8 18.5c-.8 6.7-1.2 13.5-1.2 20.4s.4 13.7 1.2 20.4c1.1 9.4 8.6 16.6 17.8 18.5l29.1 6.1c5 13.3 12.1 25.5 20.9 36.2l-9.3 28.2c-3 9-.5 19 7.1 24.7c4.7 3.5 9.5 6.8 14.6 9.8l5.4 3.1c5 2.8 10.2 5.3 15.5 7.6c8.7 3.7 18.6 .9 25-6.2l19.8-22.2c6.8 1.1 13.8 1.7 20.9 1.7s14.1-.6 20.9-1.7l19.8 22.2zM464 304a48 48 0 1 1 0 96 48 48 0 1 1 0-96z",
                ],
                "iconName": "gears",
                "prefix": "fas",
              }
            }
          />
            Engenharia de Sistemas
        </p>
        <div
          className="content"
        >
          <div
            className="graph-example-container"
          >
            <button
              className="button is-small"
              onClick={[Function]}
              type="button"
            >
              Engenharia de Sistemas - 20201
            </button>
            <p>
              Grade curricular do curso de Engenharia de Sistemas da UFMG, versão 20201.
            </p>
          </div>
        </div>
        <div
          className="graph-example-container"
        >
          <button
            className="button is-small"
            onClick={[Function]}
            type="button"
          >
            Engenharia de Sistemas
          </button>
          <p>
            Grade curricular do curso de Engenharia de Sistemas da UFMG.
          </p>
        </div>
        <div
          className="graph-example-container"
        >
          <button
            className="button is-small"
            onClick={[Function]}
            type="button"
          >
            Engenharia de Sistemas 20182
          </button>
          <p>
            Grade curricular do curso de Engenharia de Sistemas da UFMG, versão 20182.
          </p>
        </div>
        <div
          className="graph-example-container"
        >
          <button
            className="button is-small"
            onClick={[Function]}
            type="button"
          >
            Engenharia de Sistemas 20182 - Matheus
          </button>
          <p>
            Grade curricular do curso de Engenharia de Sistemas da UFMG, versão 20182. Considerando as disciplinas cursadas por Matheus até 20201.
          </p>
        </div>
        <div
          className="graph-example-container"
        >
          <button
            className="button is-small"
            onClick={[Function]}
            type="button"
          >
            Engenharia de Sistemas 20182 - Calouro
          </button>
          <p>
            Grade curricular do curso de Engenharia de Sistemas da UFMG, versão 20182. Considerando um aluno calouro.
          </p>
        </div>
      </article>
    </div>
    <div
      className="tile is-parent is-6"
    >
      <article
        className="tile is-child box"
      >
        <p
          className="title"
        >
          <FontAwesomeIcon
            icon={
              Object {
                "icon": Array [
                  640,
                  512,
                  Array [],
                  "f5fc",
                  "M64 96c0-35.3 28.7-64 64-64l384 0c35.3 0 64 28.7 64 64l0 256-64 0 0-256L128 96l0 256-64 0L64 96zM0 403.2C0 392.6 8.6 384 19.2 384l601.6 0c10.6 0 19.2 8.6 19.2 19.2c0 42.4-34.4 76.8-76.8 76.8L76.8 480C34.4 480 0 445.6 0 403.2zM281 209l-31 31 31 31c9.4 9.4 9.4 24.6 0 33.9s-24.6 9.4-33.9 0l-48-48c-9.4-9.4-9.4-24.6 0-33.9l48-48c9.4-9.4 24.6-9.4 33.9 0s9.4 24.6 0 33.9zM393 175l48 48c9.4 9.4 9.4 24.6 0 33.9l-48 48c-9.4 9.4-24.6 9.4-33.9 0s-9.4-24.6 0-33.9l31-31-31-31c-9.4-9.4-9.4-24.6 0-33.9s24.6-9.4 33.9 0z",
                ],
                "iconName": "laptop-code",
                "prefix": "fas",
              }
            }
          />
            DevOps
        </p>
        <div
          className="content"
        >
          <div
            className="graph-example-container"
          >
            <button
              className="button is-small"
              onClick={[Function]}
              type="button"
            >
              DevOps v1
            </button>
            <p>
              Modelo de Maturidade DevOps
            </p>
          </div>
          <div
            className="graph-example-container"
          >
            <button
              className="button is-small"
              onClick={[Function]}
              type="button"
            >
              DevOps v2
            </button>
            <p>
              Modelo de Maturidade DevOps com maior nível de granularidade
            </p>
          </div>
          <div
            className="graph-example-container"
          >
            <button
              className="button is-small"
              onClick={[Function]}
              type="button"
            >
              DevOps v3
            </button>
            <p>
              Modelo de Maturidade DevOps com maior nível de granularidade aplicado a esta aplicação.
            </p>
          </div>
        </div>
      </article>
    </div>
  </div>
</div>
`;
