// Jest Snapshot v1, https://goo.gl/fbAQLP

exports[`EdgesEditor should match snapshot 1`] = `
<div
  className="columns"
>
  <div
    className="column"
  >
    <EdgesAce
      edges={Array []}
      lang="pt"
      update={[Function]}
    />
  </div>
</div>
`;
