// Jest Snapshot v1, https://goo.gl/fbAQLP

exports[`NodeGroupsEditor should match snapshot 1`] = `
<div
  className="columns"
>
  <div
    className="column"
  >
    <NodeGroupsAce
      lang="pt"
      nodeGroups={Array []}
      update={[Function]}
    />
  </div>
</div>
`;
