// Jest Snapshot v1, https://goo.gl/fbAQLP

exports[`OptionsEditor should match snapshot 1`] = `
<div
  className="columns"
>
  <div
    className="column"
  >
    <OptionsAce
      lang="pt"
      options={
        Object {
          "animation": false,
          "hierarchical": true,
        }
      }
      update={[Function]}
    />
  </div>
</div>
`;
