// Jest Snapshot v1, https://goo.gl/fbAQLP

exports[`OptionsAce should match snapshot 1`] = `
<div>
  <button
    className="button is-primary is-small"
    disabled={false}
    onClick={[Function]}
    style={
      {
        "marginBottom": "12px",
      }
    }
    type="button"
  >
    Atualizar
  </button>
  <ReactAce
    cursorStart={1}
    editorProps={
      {
        "$blockScrolling": Infinity,
      }
    }
    enableBasicAutocompletion={false}
    enableLiveAutocompletion={false}
    enableSnippets={false}
    focus={false}
    fontSize={12}
    height="500px"
    highlightActiveLine={true}
    maxLines={null}
    minLines={null}
    mode="json"
    name="OPTIONS_EDITOR"
    navigateToFileEnd={true}
    onChange={[Function]}
    onLoad={null}
    onPaste={null}
    onScroll={null}
    placeholder={null}
    readOnly={false}
    scrollMargin={
      [
        0,
        0,
        0,
        0,
      ]
    }
    setOptions={{}}
    showGutter={true}
    showPrintMargin={true}
    style={{}}
    tabSize={2}
    theme="textmate"
    value="{
 "hierarchical": true,
 "animation": false
}"
    width="500px"
    wrapEnabled={false}
  />
</div>
`;
