// Jest Snapshot v1, https://goo.gl/fbAQLP

exports[`NodesEditor should match snapshot 1`] = `
<div
  className="columns"
>
  <div
    className="column"
  >
    <NodesAce
      lang="pt"
      nodes={Array []}
      update={[Function]}
    />
  </div>
</div>
`;
